// Jest Snapshot v1, https://goo.gl/fbAQLP

exports[`Cart Page should match with snapshot 1`] = `
<div>
  <header
    class="sc-bdnxRM cZjwSm"
  >
    <div
      class="sc-gtsrHT egWxvy"
    >
      <nav
        class="sc-dlnjwi kDoCbM"
      >
        <a
          class="sc-hKFxyN vGRFp"
          href="/cart"
        >
          Sacola
        </a>
        <a
          class="sc-hKFxyN vGRFp"
          href="/payment"
        >
          Pagamento
        </a>
        <a
          class="sc-hKFxyN vGRFp"
          href="/confirmation"
        >
          Confirmação
        </a>
      </nav>
    </div>
  </header>
  <main
    class="sc-eCApnc iOxhkc"
  >
    <div
      class="sc-jSFjdj kNXtuK"
    >
      <div
        class="sc-gKAaRy cWTRtX"
      >
        <section
          class="sc-fujyAs"
        >
          <h2
            class="sc-pNWdM WYXkS"
          >
            Produtos
          </h2>
          <div
            class="sc-jrsJWt cMzJZb"
          >
            <div
              class="sc-kEqXSa isGIQJ"
            >
              <ul />
            </div>
          </div>
        </section>
        <section
          class="sc-hBMUJo bTdOAL"
        >
          <div
            class="sc-bkbkJK sc-iemWCZ epJDSX"
          >
            <p
              class="sc-fnVZcZ gLXOoI"
            >
              Produtos
            </p>
            <p
              class="sc-fFSPTT fUYZVO"
            >
              R$ NaN
            </p>
          </div>
          <div
            class="sc-bkbkJK sc-dIvrsQ epJDSX"
          >
            <p
              class="sc-fnVZcZ gLXOoI"
            >
              Frete
            </p>
            <p
              class="sc-fFSPTT fUYZVO"
            >
              R$ NaN
            </p>
          </div>
          <div
            class="sc-bkbkJK sc-hHEiqL epJDSX gacPbO"
          >
            <p
              class="sc-fnVZcZ gLXOoI"
            >
              Desconto
            </p>
            <p
              class="sc-fFSPTT fUYZVO"
            >
              R$ NaN
            </p>
          </div>
          <div
            class="sc-bkbkJK sc-dlMDgC epJDSX egHJHF"
          >
            <p
              class="sc-fnVZcZ gLXOoI"
            >
              Total
            </p>
            <p
              class="sc-fFSPTT fUYZVO"
            >
              R$ NaN
            </p>
          </div>
        </section>
      </div>
      <button
        class="sc-iCoGMd hoHZHM"
      >
        Seguir para o Pagamento
      </button>
    </div>
  </main>
</div>
`;
