// Jest Snapshot v1, https://goo.gl/fbAQLP

exports[`SuccessMessage should render [snapshot] 1`] = `
.emotion-4 {
  display: -webkit-box;
  display: -webkit-flex;
  display: -ms-flexbox;
  display: flex;
  -webkit-flex-direction: column;
  -ms-flex-direction: column;
  flex-direction: column;
  grid-area: auto;
  margin: 0 auto;
  text-align: center;
}

.emotion-0 {
  border: 1px solid #ff7800;
  border-radius: 50%;
  display: inline-block;
  height: 37px;
  margin: 0 auto;
  position: relative;
  width: 37px;
}

.emotion-0::after {
  border-bottom: 1px solid #ff7800;
  border-left: 1px solid #ff7800;
  content: '';
  height: 10px;
  left: 0;
  position: absolute;
  top: 0;
  -webkit-transform: rotate(-50deg) translate(-1px,15px);
  -ms-transform: rotate(-50deg) translate(-1px,15px);
  transform: rotate(-50deg) translate(-1px,15px);
  width: 17px;
}

.emotion-2 {
  color: #ff7800;
  display: inline-block;
  font-size: 14px;
  line-height: 16px;
  font-weight: bold;
  -webkit-letter-spacing: 1px;
  -moz-letter-spacing: 1px;
  -ms-letter-spacing: 1px;
  letter-spacing: 1px;
  padding: 14px 0 0;
  text-transform: uppercase;
}

<div>
  <div
    class="emotion-4 emotion-5"
  >
    <i
      aria-hidden="true"
      class="emotion-0 emotion-1"
    />
    <p
      class="emotion-2 emotion-3"
    >
      Compra efetuada com sucesso
    </p>
  </div>
</div>
`;
