// Jest Snapshot v1, https://goo.gl/fbAQLP

exports[`CartList should match with snapshot 1`] = `
<div>
  <div
    class="sc-fujyAs bSHCym"
  >
    <ul>
      <li
        class="sc-pNWdM eNrdGQ"
      >
        <img
          class="sc-jrsJWt dCtIRT"
          src="teste"
        />
        <div
          class="sc-kEqXSa bzaWxE"
        >
          <p
            class="sc-iqAclL vozpB"
          >
            Sample product 1
          </p>
          <span
            class="sc-crzoAE gpMDvT"
          >
            R$ 100,00
          </span>
        </div>
      </li>
      <li
        class="sc-pNWdM eNrdGQ"
      >
        <img
          class="sc-jrsJWt dCtIRT"
        />
        <div
          class="sc-kEqXSa bzaWxE"
        >
          <p
            class="sc-iqAclL vozpB"
          >
            Sample product 2
          </p>
          <span
            class="sc-crzoAE gpMDvT"
          >
            R$ 100,00
          </span>
        </div>
      </li>
    </ul>
  </div>
</div>
`;
