// Jest Snapshot v1, https://goo.gl/fbAQLP

exports[`<CheckoutNavbar /> should render component with default props and match snapshot 1`] = `
.c0 {
  display: -webkit-box;
  display: -webkit-flex;
  display: -ms-flexbox;
  display: flex;
  -webkit-flex-direction: row;
  -ms-flex-direction: row;
  flex-direction: row;
  -webkit-box-pack: justify;
  -webkit-justify-content: space-between;
  -ms-flex-pack: justify;
  justify-content: space-between;
  width: 100%;
}

.c1 {
  color: #ccc;
  font-size: 1.3rem;
  font-weight: 700;
  text-transform: uppercase;
}

<div
  aria-label="Navegação para as etapas do Checkout"
  class="c0"
>
  <a
    class="c1"
  >
    Item
  </a>
</div>
`;
