// Jest Snapshot v1, https://goo.gl/fbAQLP

exports[`renders Payment 1`] = `
.c22 {
  display: -webkit-box;
  display: -webkit-flex;
  display: -ms-flexbox;
  display: flex;
  -webkit-box-pack: center;
  -webkit-justify-content: center;
  -ms-flex-pack: center;
  justify-content: center;
  -webkit-align-items: center;
  -webkit-box-align: center;
  -ms-flex-align: center;
  align-items: center;
  padding: 18px;
  width: 100%;
  min-height: 60px;
  border: 0;
  border-radius: 3px;
  background-color: #ff6c00;
  color: #fff;
  font-size: 20px;
  font-weight: 700;
  -webkit-letter-spacing: 0.5px;
  -moz-letter-spacing: 0.5px;
  -ms-letter-spacing: 0.5px;
  letter-spacing: 0.5px;
  line-height: 1.2;
  text-align: center;
  -webkit-text-decoration: none;
  text-decoration: none;
  text-transform: uppercase;
  box-shadow: inset 0 -3px 0 0 #d45a00,0 2px 4px 0 rgba(0,0,0,0.25);
  cursor: pointer;
}

.c22:hover,
.c22:active {
  background-color: #d45a00;
  box-shadow: none;
}

.c7 {
  padding: 12px 12px 13px 13px;
  border-radius: 3px;
  background-color: #fff;
  box-shadow: 1px 1px 5px 0 rgba(0,0,29,0.22);
}

.c6 {
  display: block;
  margin: 0 0 5px 13px;
  color: #999;
  font-size: 14px;
  font-weight: 700;
  line-height: 1.21428571428571;
  text-transform: uppercase;
}

.c9 {
  display: grid;
  grid-gap: 5px;
}

.c14 {
  display: none;
  margin-top: 3px;
  color: #f30;
  font-size: 12px;
  line-height: 1.166666667;
}

.c12 {
  -webkit-appearance: none;
  -moz-appearance: none;
  appearance: none;
  height: 45px;
  padding: 13px;
  border: 1px solid #e7e7e7;
  border-radius: 3px;
  background-color: #fff;
  font-size: 16px;
  line-height: 1.1875;
  box-shadow: inset 0 1px 2px 0 rgba(0,0,0,0.2);
}

.c12::-webkit-input-placeholder {
  color: #e0e7ee;
}

.c12::-moz-placeholder {
  color: #e0e7ee;
}

.c12:-ms-input-placeholder {
  color: #e0e7ee;
}

.c12::placeholder {
  color: #e0e7ee;
}

.c12:focus {
  border-color: #a43287;
}

.c12:invalid:not(:placeholder-shown) {
  border-color: #f30;
}

.c12:invalid:not(:placeholder-shown) + .c13 {
  display: block;
}

.c11 {
  display: block;
  margin-left: 2px;
  color: #ccc;
  font-size: 12px;
  font-weight: 700;
  line-height: 1.16666666666667;
}

.c8 {
  display: grid;
  grid-template-columns: 52.45901% 1fr;
  grid-gap: 25px 20px;
}

.c10 {
  grid-column-end: span 2;
}

.c16 {
  display: grid;
  grid-gap: 9px;
  padding: 15px 13px 13px 14px;
  border: 1px solid #ccc;
  border-radius: 3px;
  color: #212122;
  font-size: 14px;
  line-height: 1.21428571428571;
}

.c17 {
  display: -webkit-box;
  display: -webkit-flex;
  display: -ms-flexbox;
  display: flex;
  -webkit-box-pack: justify;
  -webkit-justify-content: space-between;
  -ms-flex-pack: justify;
  justify-content: space-between;
  -webkit-align-items: flex-start;
  -webkit-box-align: flex-start;
  -ms-flex-align: flex-start;
  align-items: flex-start;
  margin: 0;
}

.c18 {
  text-transform: uppercase;
}

.c19 {
  text-align: right;
  margin: 0;
}

.c20 {
  color: #ff7800;
}

.c21 {
  margin-top: 7px;
  font-weight: 700;
}

.c1 {
  width: 100%;
  margin-bottom: 10px;
  padding: 12px 0;
  background-color: #fff;
  box-shadow: 1px 1px 5px 0 rgba(0,0,29,0.22);
}

.c2 {
  display: -webkit-box;
  display: -webkit-flex;
  display: -ms-flexbox;
  display: flex;
  -webkit-align-items: center;
  -webkit-box-align: center;
  -ms-flex-align: center;
  align-items: center;
  -webkit-box-pack: justify;
  -webkit-justify-content: space-between;
  -ms-flex-pack: justify;
  justify-content: space-between;
  max-width: 1024px;
  margin: 0 auto;
  padding: 0 20px;
  list-style: none;
}

.c3 {
  display: block;
  color: #ccc;
  font-size: 13px;
  font-weight: 700;
  line-height: 1.23076923076923;
  text-transform: uppercase;
}

.c4 {
  display: block;
  color: #ccc;
  font-size: 13px;
  font-weight: 700;
  line-height: 1.23076923076923;
  text-transform: uppercase;
  color: #ff7800;
}

.c0 {
  display: -webkit-box;
  display: -webkit-flex;
  display: -ms-flexbox;
  display: flex;
  -webkit-flex-direction: column;
  -ms-flex-direction: column;
  flex-direction: column;
}

.c5 {
  -webkit-box-flex: 1;
  -webkit-flex-grow: 1;
  -ms-flex-positive: 1;
  flex-grow: 1;
  display: grid;
  grid-gap: 20px;
  padding: 0 9px 20px;
  width: 100%;
  max-width: 1024px;
  margin: 0 auto;
}

.c15 {
  display: grid;
  -webkit-align-content: start;
  -ms-flex-line-pack: start;
  align-content: start;
  grid-gap: 20px;
}

@media only screen and (min-width:768px) {
  .c5 {
    margin-top: 40px;
    grid-template-columns: 1fr 340px;
  }
}

@media only screen and (min-width:768px) {
  .c15 {
    margin-top: 20px;
  }
}

<div>
  <main
    class="c0"
  >
    <div
      class="c1"
    >
      <ul
        class="c2"
      >
        <li
          class="c3"
        >
          Sacola
        </li>
        <li
          class="c4"
        >
          Pagamento
        </li>
        <li
          class="c3"
        >
          Confirmação
        </li>
      </ul>
    </div>
    <div
      class="c5"
    >
      <section
        class=""
      >
        <h1
          class="c6"
        >
          Cartão de Crédito
        </h1>
        <form
          class="c7 c8"
          id="_form"
          method="POST"
        >
          <div
            class="c9 c10"
          >
            <label
              class="c11"
              for="_input_credit_card"
            >
              Número do cartão:
            </label>
            <input
              autocomplete="cc-number"
              class="c12"
              id="_input_credit_card"
              name="cardnumber"
              pattern="\\\\d{4}\\\\.\\\\d{4}\\\\.\\\\d{4}\\\\.\\\\d{4}"
              placeholder="____.____.____.____"
              required=""
              value=""
            />
            <div
              class="c13 c14"
            >
              Número do cartão de crédito inválido
            </div>
          </div>
          <div
            class="c9 c10"
          >
            <label
              class="c11"
              for="_input_name"
            >
              Nome do titular:
            </label>
            <input
              autocomplete="cc-name"
              class="c12"
              id="_input_name"
              name="ccname"
              placeholder="Como no cartão"
              required=""
              value=""
            />
            <div
              class="c13 c14"
            >
              Invalid Field
            </div>
          </div>
          <div
            class="c9"
          >
            <label
              class="c11"
              for="_input_expiry_date"
            >
              Validade (mês/ano):
            </label>
            <input
              autocomplete="cc-exp"
              class="c12"
              id="_input_expiry_date"
              name="cc-exp"
              pattern="\\\\d{2}/\\\\d{4}"
              placeholder="__/____"
              required=""
              value=""
            />
            <div
              class="c13 c14"
            >
              Validade do cartão de crédito inválida
            </div>
          </div>
          <div
            class="c9"
          >
            <label
              class="c11"
              for="_input_cvc"
            >
              CVV:
            </label>
            <input
              autocomplete="cc-csc"
              class="c12"
              id="_input_cvc"
              name="cvc"
              pattern="\\\\d{3}"
              placeholder="___"
              required=""
              value=""
            />
            <div
              class="c13 c14"
            >
              CVV do cartão de crédito inválido
            </div>
          </div>
        </form>
      </section>
      <aside
        class="c15"
      >
        <section
          class="c16"
        >
          <dl
            class="c17"
          >
            <dt
              class="c18"
            >
              Produtos
            </dt>
            <dd
              class="c19"
            >
              <span>
                R$ 123.45
              </span>
            </dd>
          </dl>
          <dl
            class="c17"
          >
            <dt
              class="c18"
            >
              Frete
            </dt>
            <dd
              class="c19"
            >
              <span>
                R$ 345.67
              </span>
            </dd>
          </dl>
          <dl
            class="c17 c20"
          >
            <dt
              class="c18"
            >
              Desconto
            </dt>
            <dd
              class="c19"
            >
              − 
              <span>
                R$ 37.02
              </span>
            </dd>
          </dl>
          <dl
            class="c17 c21"
          >
            <dt
              class="c18"
            >
              Total
            </dt>
            <dd
              class="c19"
            >
              <span>
                R$ 432.10
              </span>
            </dd>
          </dl>
        </section>
        <button
          class="c22"
          form="_form"
          type="submit"
        >
          Finalizar o pedido
        </button>
      </aside>
    </div>
  </main>
</div>
`;
